default 0;

# Basic string matches
~*eval\( 1;
~*127\.0\.0\.1 1;
~*javascript: 1;
~*base64_encode 1;
~*GLOBALS 1;
~*REQUEST 1;
~*php 1;

# Special character handling
~*\(\(/\(|\.\.\.|\+\+\+ 1;
~*[\`<>|] 1;
~*\{\$itemURL\} 1;

# File paths and sensitive files
~*boot\.ini 1;
~*etc/passwd 1;
~*self/environ 1;

# Image processing scripts
~*thumbs? 1;
~*tim(thumb)? 1;

# SQL and code injection patterns
~*(drop|insert|md5|select|union) 1;
~*=\%27|/\'/? 1;


# File extensions and paths
~*\.(bak|conf|dist|fla|in[ci]|log|psd|sh|sql|sw[op]|engine|inc|info|install|make|module|profile|test|po|sh|.*sql|theme|tpl(\.php)?|xtmpl|php_|pl|cgi|py|lua|asp|jsp|htm|html|shtml|sh|cgi)$ 1;
~*^(\..*|Entries.*|Repository|Root|Tag|Template|wp-config\.php|wp-config\.txt|changelog\.txt|readme\.txt|readme\.html|license\.txt|wp-includes/theme-compat/|wp-content/uploads/nginx-helper/) 1;

# Protocols
~*(https?|ftp) 1;

# Miscellaneous patterns
~*&pws=0|_vti_|\(null\) 1;
~*(echo|eval\(|self/environ|mobiquo|phpinfo|shell|sqlpatch|thumb|thumb_editor|thumbopen|timthumb|webshell|config|settings|configuration) 1;
