# Default setting
default                             off;

# Path-based caching
~^/assets/                          max;

# JavaScript and JSON
application/javascript              max;
application/json                    1h;

# Fonts - modernized MIME types
font/woff                           max;
font/woff2                          max;
application/vnd.ms-fontobject       max;
font/ttf                            max;
font/otf                            max;

# Images - using standard MIME types
image/gif                           max;
image/jpeg                          max;
image/png                           max;
image/svg+xml                       max;
image/webp                          max;
image/x-icon                        max;
image/avif                          max; 

# CSS
text/css                            max;

# HTML and XML
text/html                           epoch;
application/xml                     1h;
text/xml                            1h;

# Plain text
text/plain                          epoch;

# PDFs
application/pdf                     max;

# Audio and Video
audio/*                             max;
video/*                             max;

# Modern web application types
application/manifest+json           1h;
application/wasm                    max;

# Specific file types
~^/.*\.(rss|atom)$                  1h;
~^/.*\.(txt|log)$                   epoch;
~^/.*\.(json|jsonld)$               1h;

# Avoid caching dynamic content
~^/.*\.(php|py|cgi|pl)$             off;