~\/blog\/* https://blog.openbridge.com;
~\/adobe-clickstream\/?$ $scheme://$host/product/openbridge-adobe-clickstream;
~\/movio-cinema\/?$ $scheme://$host/product/openbridge-movio-cinema;
~\/adobe-clickstream\/?$ $scheme://$host/product/openbridge-adobe-clickstream;
^\/.*fivetran $scheme://$host/product/openbridge-adobe-clickstream;
~*fivetran* $scheme://$host/product/openbridge-adobe-clickstream;
/marketplace/ $scheme://$host/products/;
~\/marketplace/product/amazon-redshift-self-serve\/?$ $scheme://$host/warehouse/amazon-redshift;
~\/marketplace/product/amazon-athena\/?$ $scheme://$host/warehouse/amazon-athena;
/#/marketplace/product/google-bigquery $scheme://$host/warehouse/google-bigquery;
~\/marketplace/product/facebook-page-insights\/?$ $scheme://$host/product/openbridge-facebook-page-insights;
~\/google-analytics-360\/?$ $scheme://$host/product/openbridge-google-analytics-360;
~\/instagram-community-iq\/?$ $scheme://$host/product/openbridge-instagram-business-iq;
~\/facebook-page-insights-data\/?$ $scheme://$host/product/openbridge-facebook-page-insights;
~\/google-adwords\/?$ $scheme://$host/product/openbridge-google-adwords;
~\/doubleclick-search\/?$ $scheme://$host/product/openbridge-doubleclick-search;
~\/salesforce-marketing-cloud-advertising-studio\/?$ $scheme://$host/product/openbridge-salesforce-advertising-studio;
~\/salesforce-marketing-cloud-email-studio\/?$ $scheme://$host/product/openbridge-salesforce-email-studio;
~\/salesforce-exacttarget\/?$ $scheme://$host/product/openbridge-salesforce-marketing-cloud;
~\/youtube-audience-iq\/?$ $scheme://$host/product/openbridge-youtube-audience-iq;
~\/youtube-channel-insights\/?$ $scheme://$host/product/openbridge-youtube-channel-insights;
~\/youtube-competitor\/?$ $scheme://$host/product/openbridge-youtube-competitor;
~\/youtube-video-insights\/?$ $scheme://$host/product/openbridge-youtube-video-insights;
~\/youtube-video-iq\/?$ $scheme://$host/product/openbridge-youtube-video-iq;
~\/sizmek-ad-iq\/?$ $scheme://$host/product/openbridge-sizmek-ad-iq;
~\/doubleclick-dfa-reports\/?$ $scheme://$host/product/openbridge-doubleclick-campaign-manager;
~\/5-minute-data-warehouse\/?$ $scheme://$host/warehouse/amazon-redshift;
~\/custom-pipeline\/?$ $scheme://$host/data-pipeline/batch;
~\/amazon-redshift/info\/?$ $scheme://$host/warehouse/amazon-redshift;
~\/aloha-loyalty\/?$ $scheme://$host/product/openbridge-ncr-aloha;
~\/adobe-data-warehouse\/?$  $scheme://$host/product/openbridge-adobe-data-warehouse;
~\/youtube-competitor-demo\/?$ $scheme://$host/product/openbridge-youtube-competitor;
~\/wp-content/uploads/2017/02/email-logo.png $scheme://$host/assets/images/logobox.svg;
$scheme://$host/product/openbridge-instagram-community-iq $scheme://$host/product/openbridge-instagram-business-iq;
