~\/welcome-openbridge\/?$ https://blog.openbridge.com/welcome-to-openbridge-76d3a46ab227;
~\/looking-talented-python-software-developer-interested\/?$ https://blog.openbridge.com/we-are-looking-for-a-talented-python-software-developer-interested-531839f59ed;
~\/tableau-review\/?$ https://blog.openbridge.com/tableau-8-0-data-visualization-and-storytelling-capabilities-49b8aa945222;
~\/adobe-analytics-clickstream\/?$ https://blog.openbridge.com/marketers-get-closer-to-adobe-analytics-clickstream-data-43592e31c507;
~\/announcing-youtube-competitor-audience-iq\/?$ https://blog.openbridge.com/youtube-analytics-competitor-audience-iq-af4191b81d47;
~\/people-places-coming-internet-things\/?$ https://blog.openbridge.com/people-places-and-the-coming-internet-of-things-e9a44ab15d8;
~\/new-data-frontier-location-based-sensors\/?$ https://blog.openbridge.com/new-data-frontier-of-location-based-sensors-99b145ecb9e5;
~\/banks-managing-data-risks\/?$ https://blog.openbridge.com/are-you-managing-risk-with-your-marketing-data-49ff96d53ca8;
~\/facebook-graph-api-insights-data\/?$ https://blog.openbridge.com/facebook-graph-api-insights-data-for-better-engagment-60ca31987da3;
/openbridge-facebook-page-insights\/?$ https://blog.openbridge.com/openbridge-unifies-data-across-multiple-facebook-pages-d2623465825;
~\/data-silos-data-canyons\/?$ https://blog.openbridge.com/beware-the-data-canyon-data-silos-big-brother-b005c187f35d;
~\/data-wrangling-losing-the-battle\/?$ https://blog.openbridge.com/data-wrangling-3-reasons-your-team-is-losing-the-battle-37c2439404bb;
/obtaining-doubleclick-search-advertiser-id\/?$ https://blog.openbridge.com/how-to-obtain-your-doubleclick-search-advertiser-and-agency-id-61e44c9dd223;
~\/google-analytics-360-enterprise\/?$ https://blog.openbridge.com/openbridge-automates-google-analytics-360-data-delivery-to-amazon-redshift-bdcf39e66c06;
~\/openbridge-delivers-google-analytics-360-data\/?$ https://blog.openbridge.com/openbridge-automates-google-analytics-360-data-delivery-to-amazon-redshift-bdcf39e66c06;
~\/instagram-data-access-insights\/?$ https://blog.openbridge.com/instagram-data-part-2-how-to-access-powerful-insights-aacdf149678;
~\/instagram-data-fuel-analytics\/?$ https://blog.openbridge.com/instagram-data-part-1-how-to-fuel-your-analytics-efforts-3d35a4a5b418;
~\/openbridge-delivers-sizmek-data\/?$ https://blog.openbridge.com/openbridge-delivers-sizmek-data-to-ad-professionals-33971a2bf1f9;
~\/openbridge-brings-closer-instagram\/?$ https://blog.openbridge.com/openbridge-brings-marketers-closer-to-instagram-data-53ebc49882b1;
~\/salesforce-email-studio-meet-data\/?$ https://blog.openbridge.com/two-ways-to-harness-your-salesforce-email-studio-data-7bddd72b351b;
~\/saleforce-email-studio-release\/?$ https://blog.openbridge.com/openbridge-unleashes-the-full-potential-of-salesforce-email-studio-data-7cd9ea9cac7c;
~\/openbridge-opens-adwords-data-discover-new-insights\/?$ https://blog.openbridge.com/openbridge-opens-adwords-data-to-deeper-analysis-29eb8d71c88;
~\/google-adwords-insights-get-right-data\/?$ https://blog.openbridge.com/adwords-data-driven-insights-key-to-performance-2d3730250254;
~\/social-com-access-your-social-advertising-data\/?$ https://blog.openbridge.com/social-com-tapping-into-your-social-advertising-data-e1a6a7e6a880;
~\/salesforce-social-com-release\/?$ https://blog.openbridge.com/social-com-new-data-bridge-is-released-5e0826208b40;
~\/openbridge-google-doubleclick-search-data\/?$ https://blog.openbridge.com/openbridge-to-unlock-doubleclick-search-data-477c43f25cd;
~\/doubleclick-search-data-key-search-performance\/?$ https://blog.openbridge.com/doubleclick-search-data-key-to-search-performance-b2d3f7c29d1e;
~\/doubleclick-campaign-manager-data-key-insights\/?$ https://blog.openbridge.com/doubleclick-campaign-manager-data-key-to-insights-acfc450e93ae;
~\/50-percent-money-spent-on-analytics-is-wasted\/?$ https://blog.openbridge.com/50-of-the-money-spent-on-analytics-is-wasted-b7a0d4defd44;
~\/youtube-channel-insights-openbridge\/?$ https://blog.openbridge.com/youtube-channel-insights-integration-released-fb9d7e4212bf;
~\/openbridge-delivers-doubleclick-dfa-data-for-analysis\/?$ https://blog.openbridge.com/openbridge-delivers-doubleclick-data-for-analysis-aff29821f010;
~\/launch-data-accelerator\/?$ https://blog.openbridge.com/applications-to-join-launch-data-accelerator-now-open-4f1b0062d224;
~\/author/thomas\/?$ https://blog.openbridge.com/@thomas_72192;
~\/data-silos-data-canyons\/?$ https://blog.openbridge.com/beware-the-data-canyon-data-silos-big-brother-b005c187f35d;
